ASxxxx Linker V03.00 + NoICE + sdld,  page 1.
Hexadecimal  [32-Bits]

Area                                    Addr        Size        Decimal Bytes (Attributes)
--------------------------------        ----        ----        ------- ----- ------------
.  .ABS.                            00000000    00000000 =           0. bytes (ABS,CON)

      Value  Global                              Global Defined In Module
      -----  --------------------------------   ------------------------
     FFFFFFFF  s_SSEG                          
     00000000  .__.ABS.                           led
     00000000  l_CABS                          
     00000000  l_CONST                         
     00000000  l_DABS                          
     00000000  l_DATA                          
     00000000  l_INITIALIZED                   
     00000000  l_INITIALIZER                   
     00000000  l__CODE                         
     00000000  s_CABS                          
     00000000  s_DABS                          
     00000000  s__CODE                         
     00000001  l_SSEG                          
     00000001  s_DATA                          
     00000001  s_INITIALIZED                   
     00000003  l_GSFINAL                       
     00000007  l_HOME                          
     0000001A  l_GSINIT                        
     00000042  l_CODE                          
     00008000  s_HOME                          
     00008007  s_GSINIT                        
     00008021  s_GSFINAL                       
     00008024  s_CODE                          
     00008066  s_CONST                         
     00008066  s_INITIALIZER                   

ASxxxx Linker V03.00 + NoICE + sdld,  page 2.
Hexadecimal  [32-Bits]

Area                                    Addr        Size        Decimal Bytes (Attributes)
--------------------------------        ----        ----        ------- ----- ------------
SSEG                                FFFFFFFF    00000001 =           1. bytes (REL,CON)

      Value  Global                              Global Defined In Module
      -----  --------------------------------   ------------------------
ASxxxx Linker V03.00 + NoICE + sdld,  page 3.
Hexadecimal  [32-Bits]

Area                                    Addr        Size        Decimal Bytes (Attributes)
--------------------------------        ----        ----        ------- ----- ------------
HOME                                00008000    00000007 =           7. bytes (REL,CON)

      Value  Global                              Global Defined In Module
      -----  --------------------------------   ------------------------
     00008000  A$led$37                           led
     00008004  A$led$72                           led

ASxxxx Linker V03.00 + NoICE + sdld,  page 4.
Hexadecimal  [32-Bits]

Area                                    Addr        Size        Decimal Bytes (Attributes)
--------------------------------        ----        ----        ------- ----- ------------
GSINIT                              00008007    0000001A =          26. bytes (REL,CON)

      Value  Global                              Global Defined In Module
      -----  --------------------------------   ------------------------
     00008007  A$led$48                           led
     0000800A  A$led$49                           led
     0000800C  A$led$51                           led
     00008010  A$led$52                           led
     00008011  A$led$53                           led
     00008013  A$led$55                           led
     00008016  A$led$56                           led
     00008018  A$led$58                           led
     0000801B  A$led$59                           led
     0000801E  A$led$60                           led
     0000801F  A$led$61                           led

ASxxxx Linker V03.00 + NoICE + sdld,  page 5.
Hexadecimal  [32-Bits]

Area                                    Addr        Size        Decimal Bytes (Attributes)
--------------------------------        ----        ----        ------- ----- ------------
GSFINAL                             00008021    00000003 =           3. bytes (REL,CON)

      Value  Global                              Global Defined In Module
      -----  --------------------------------   ------------------------
     00008021  A$led$65                           led

ASxxxx Linker V03.00 + NoICE + sdld,  page 6.
Hexadecimal  [32-Bits]

Area                                    Addr        Size        Decimal Bytes (Attributes)
--------------------------------        ----        ----        ------- ----- ------------
CODE                                00008024    00000042 =          66. bytes (REL,CON)

      Value  Global                              Global Defined In Module
      -----  --------------------------------   ------------------------
     00008024  A$led$88                           led
     00008024  C$led.c$19$0_0$2                   led
     00008024  G$clock$0$0                        led
     00008024  _clock                             led
     00008026  A$led$92                           led
     00008026  C$led.c$21$1_0$2                   led
     00008029  A$led$93                           led
     0000802A  A$led$97                           led
     0000802A  C$led.c$22$1_0$2                   led
     0000802D  A$led$104                          led
     0000802D  C$led.c$23$1_0$2                   led
     0000802F  A$led$107                          led
     00008031  A$led$109                          led
     00008033  A$led$110                          led
     00008034  A$led$112                          led
     00008036  A$led$114                          led
     00008037  A$led$120                          led
     00008039  A$led$123                          led
     00008039  C$led.c$24$1_0$2                   led
     00008039  XG$clock$0$0                       led
     0000803A  A$led$137                          led
     0000803A  C$led.c$27$1_0$4                   led
     0000803A  C$led.c$29$1_0$4                   led
     0000803A  G$main$0$0                         led
     0000803A  _main                              led
     0000803E  A$led$141                          led
     0000803E  C$led.c$33$1_0$4                   led
     00008042  A$led$145                          led
     00008042  C$led.c$34$1_0$4                   led
     00008046  A$led$149                          led
     00008046  C$led.c$36$1_0$4                   led
     0000804A  A$led$153                          led
     0000804A  C$led.c$38$1_0$4                   led
     0000804E  A$led$157                          led
     0000804E  C$led.c$39$1_0$4                   led
     00008052  A$led$163                          led
     00008052  C$led.c$42$2_0$5                   led
     00008055  A$led$165                          led
     00008059  A$led$166                          led
     0000805A  A$led$169                          led
     0000805E  A$led$170                          led
     0000805F  A$led$171                          led
     00008060  A$led$173                          led
     00008063  A$led$175                          led
     00008065  A$led$184                          led
     00008065  C$led.c$43$2_0$4                   led
     00008065  XG$main$0$0                        led

ASxxxx Linker V03.00 + NoICE + sdld,  page 7.

Files Linked                              [ module(s) ]

led.rel                                   [ led ]

ASxxxx Linker V03.00 + NoICE + sdld,  page 8.

User Base Address Definitions

HOME = 0x8000
DATA = 0x0001
SSEG = 0xffffffff

