ASxxxx Linker V03.00 + NoICE + sdld,  page 1.
Hexadecimal  [32-Bits]

Area                                    Addr        Size        Decimal Bytes (Attributes)
--------------------------------        ----        ----        ------- ----- ------------
.  .ABS.                            00000000    00000000 =           0. bytes (ABS,CON)

      Value  Global                              Global Defined In Module
      -----  --------------------------------   ------------------------
     00000000  .__.ABS.                           led
     00000000  l_CABS                          
     00000000  l_DABS                          
     00000000  l_DATA                          
     00000000  l_INITIALIZED                   
     00000000  l_INITIALIZER                   
     00000000  l__CODE                         
     00000000  s_CABS                          
     00000000  s_DABS                          
     00000000  s__CODE                         
     00000001  l_SSEG                          
     00000001  s_DATA                          
     00000001  s_INITIALIZED                   
     00000001  s_SSEG                          
     00000003  l_GSFINAL                       
     0000001A  l_GSINIT                        
     0000004F  l_CODE                          
     00000083  l_HOME                          
     00008000  s_HOME                          
     00008083  s_GSINIT                        
     0000809D  s_GSFINAL                       
     000080A0  s_CODE                          
     000080EF  s_INITIALIZER                   

ASxxxx Linker V03.00 + NoICE + sdld,  page 2.
Hexadecimal  [32-Bits]

Area                                    Addr        Size        Decimal Bytes (Attributes)
--------------------------------        ----        ----        ------- ----- ------------
SSEG                                00000001    00000001 =           1. bytes (REL,CON)

      Value  Global                              Global Defined In Module
      -----  --------------------------------   ------------------------
ASxxxx Linker V03.00 + NoICE + sdld,  page 3.
Hexadecimal  [32-Bits]

Area                                    Addr        Size        Decimal Bytes (Attributes)
--------------------------------        ----        ----        ------- ----- ------------
HOME                                00008000    00000083 =         131. bytes (REL,CON)

      Value  Global                              Global Defined In Module
      -----  --------------------------------   ------------------------
     00008000  A$led$38                           led
     00008004  A$led$39                           led
     00008008  A$led$40                           led
     0000800C  A$led$41                           led
     00008010  A$led$42                           led
     00008014  A$led$43                           led
     00008018  A$led$44                           led
     0000801C  A$led$45                           led
     00008020  A$led$46                           led
     00008024  A$led$47                           led
     00008028  A$led$48                           led
     0000802C  A$led$49                           led
     00008030  A$led$50                           led
     00008034  A$led$51                           led
     00008038  A$led$52                           led
     0000803C  A$led$53                           led
     00008040  A$led$54                           led
     00008044  A$led$55                           led
     00008048  A$led$56                           led
     0000804C  A$led$57                           led
     00008050  A$led$58                           led
     00008054  A$led$59                           led
     00008058  A$led$60                           led
     0000805C  A$led$61                           led
     00008060  A$led$62                           led
     00008064  A$led$63                           led
     00008068  A$led$64                           led
     0000806C  A$led$65                           led
     00008070  A$led$66                           led
     00008074  A$led$67                           led
     00008078  A$led$68                           led
     0000807C  A$led$69                           led
     00008080  A$led$104                          led
ASxxxx Linker V03.00 + NoICE + sdld,  page 4.
Hexadecimal  [32-Bits]

Area                                    Addr        Size        Decimal Bytes (Attributes)
--------------------------------        ----        ----        ------- ----- ------------
GSINIT                              00008083    0000001A =          26. bytes (REL,CON)

      Value  Global                              Global Defined In Module
      -----  --------------------------------   ------------------------
     00008083  A$led$80                           led
     00008086  A$led$81                           led
     00008088  A$led$83                           led
     0000808C  A$led$84                           led
     0000808D  A$led$85                           led
     0000808F  A$led$87                           led
     00008092  A$led$88                           led
     00008094  A$led$90                           led
     00008097  A$led$91                           led
     0000809A  A$led$92                           led
     0000809B  A$led$93                           led

ASxxxx Linker V03.00 + NoICE + sdld,  page 5.
Hexadecimal  [32-Bits]

Area                                    Addr        Size        Decimal Bytes (Attributes)
--------------------------------        ----        ----        ------- ----- ------------
GSFINAL                             0000809D    00000003 =           3. bytes (REL,CON)

      Value  Global                              Global Defined In Module
      -----  --------------------------------   ------------------------
     0000809D  A$led$97                           led

ASxxxx Linker V03.00 + NoICE + sdld,  page 6.
Hexadecimal  [32-Bits]

Area                                    Addr        Size        Decimal Bytes (Attributes)
--------------------------------        ----        ----        ------- ----- ------------
CODE                                000080A0    0000004F =          79. bytes (REL,CON)

      Value  Global                              Global Defined In Module
      -----  --------------------------------   ------------------------
     000080A0  A$led$118                          led
     000080A0  _clock                             led
     000080A2  A$led$121                          led
     000080A5  A$led$122                          led
     000080A6  A$led$123                          led
     000080A8  A$led$127                          led
     000080AB  A$led$128                          led
     000080AC  A$led$133                          led
     000080AE  A$led$135                          led
     000080B0  A$led$138                          led
     000080B2  A$led$140                          led
     000080B4  A$led$141                          led
     000080B5  A$led$142                          led
     000080B7  A$led$143                          led
     000080B9  A$led$144                          led
     000080BA  A$led$149                          led
     000080BC  A$led$152                          led
     000080BC  C$led.c$24$1$2                     led
     000080BC  XG$clock$0$0                       led
     000080BD  A$led$163                          led
     000080BD  _main                              led
     000080C1  A$led$166                          led
     000080C5  A$led$169                          led
     000080C9  A$led$172                          led
     000080CD  A$led$175                          led
     000080D1  A$led$178                          led
     000080D5  A$led$183                          led
     000080D8  A$led$185                          led
     000080DC  A$led$186                          led
     000080DD  A$led$189                          led
     000080E1  A$led$190                          led
     000080E3  A$led$191                          led
     000080E4  A$led$192                          led
     000080E6  A$led$195                          led
     000080E8  A$led$198                          led
     000080EB  A$led$199                          led
     000080EC  A$led$201                          led
     000080EE  A$led$209                          led
     000080EE  C$led.c$47$1$4                     led
     000080EE  XG$main$0$0                        led

ASxxxx Linker V03.00 + NoICE + sdld,  page 7.

Files Linked                              [ module(s) ]

led.rel                                   [ led ]

ASxxxx Linker V03.00 + NoICE + sdld,  page 8.

User Base Address Definitions

HOME = 0x8000
DATA = 0x0001

